// Jest Snapshot v1, https://goo.gl/fbAQLP

exports[`Label renders correctly 1`] = `
<DocumentFragment>
  .cache-18of7xl {
  color: #151a2d;
  font-size: 16px;
  line-height: 24px;
  font-weight: 500;
  margin-bottom: 8px;
}

<label
    class="eqgjh3l0 cache-18of7xl e7ah3bn0"
  >
    I'm a Label
  </label>
</DocumentFragment>
`;
